2025-04-04 05:49:05.275846 - Received CBT.V508.FILE192.PDS from FILE192.XMI 
2025-04-04 05:49:05.277023 - Found $$$#DATE.txt (text/plain) in CBT.V508.FILE192.PDS, moved to PDS/$$$#DATE
2025-04-04 05:49:05.277207 - Found $$README.txt (text/plain) in CBT.V508.FILE192.PDS, moved to PDS/$$README
2025-04-04 05:49:05.277341 - Found $$UPLOAD.txt (text/plain) in CBT.V508.FILE192.PDS, moved to PDS/$$UPLOAD
2025-04-04 05:49:05.277467 - Found $$UPLOAJ.txt (text/plain) in CBT.V508.FILE192.PDS, moved to PDS/$$UPLOAJ
2025-04-04 05:49:05.277587 - Found $$UPLOAM.txt (text/plain) in CBT.V508.FILE192.PDS, moved to PDS/$$UPLOAM
2025-04-04 05:49:05.277720 - Found @FILE192.txt (text/plain) in CBT.V508.FILE192.PDS, moved to PDS/@FILE192
2025-04-04 05:49:05.277854 - Found ALLOC.txt (text/plain) in CBT.V508.FILE192.PDS, moved to PDS/ALLOC
2025-04-04 05:49:05.277976 - Found ASMLKD.txt (text/plain) in CBT.V508.FILE192.PDS, moved to PDS/ASMLKD
2025-04-04 05:49:05.278092 - Found CARR.txt (text/plain) in CBT.V508.FILE192.PDS, moved to PDS/CARR
2025-04-04 05:49:05.278210 - Found CESTAE.txt (text/plain) in CBT.V508.FILE192.PDS, moved to PDS/CESTAE
2025-04-04 05:49:05.278328 - Found CFRR.txt (text/plain) in CBT.V508.FILE192.PDS, moved to PDS/CFRR
2025-04-04 05:49:05.278449 - Found ENDMOD.txt (text/plain) in CBT.V508.FILE192.PDS, moved to PDS/ENDMOD
2025-04-04 05:49:05.278567 - Found EQUATES.txt (text/plain) in CBT.V508.FILE192.PDS, moved to PDS/EQUATES
2025-04-04 05:49:05.278687 - Found ESTPARM.txt (text/plain) in CBT.V508.FILE192.PDS, moved to PDS/ESTPARM
2025-04-04 05:49:05.278804 - Found EXECJCL.txt (text/plain) in CBT.V508.FILE192.PDS, moved to PDS/EXECJCL
2025-04-04 05:49:05.278930 - Found GRECOV.txt (text/plain) in CBT.V508.FILE192.PDS, moved to PDS/GRECOV
2025-04-04 05:49:05.279045 - Found INNERMM.txt (text/plain) in CBT.V508.FILE192.PDS, moved to PDS/INNERMM
2025-04-04 05:49:05.279191 - Found MODULE.txt (text/plain) in CBT.V508.FILE192.PDS, moved to PDS/MODULE
2025-04-04 05:49:05.279333 - Found SYSIN01B.txt (text/plain) in CBT.V508.FILE192.PDS, moved to PDS/SYSIN01B
2025-04-04 05:49:05.279461 - Found SYSIN01C.txt (text/plain) in CBT.V508.FILE192.PDS, moved to PDS/SYSIN01C
